$ astro build
5:03:50 p.m. [vite] (ssr) Error when evaluating SSR module D:\WebDev\NewsHUB\command-center\astro.config.mjs: Cannot find module '@astrojs/tailwind' imported from 'D:/WebDev/NewsHUB/command-center/astro.config.mjs'
      at fetchModule (file:///D:/WebDev/NewsHUB/command-center/node_modules/vite/dist/node/chunks/dep-D4NMHUTW.js:46842:19)
      at RunnableDevEnvironment.fetchModule (file:///D:/WebDev/NewsHUB/command-center/node_modules/vite/dist/node/chunks/dep-D4NMHUTW.js:47933:12)
      at fetchModule (file:///D:/WebDev/NewsHUB/command-center/node_modules/vite/dist/node/chunks/dep-D4NMHUTW.js:47887:21)
      at handleInvoke (file:///D:/WebDev/NewsHUB/command-center/node_modules/vite/dist/node/chunks/dep-D4NMHUTW.js:39002:28)
      at EventEmitter.listenerForInvokeHandler (file:///D:/WebDev/NewsHUB/command-center/node_modules/vite/dist/node/chunks/dep-D4NMHUTW.js:39075:25)
      at EventEmitter.emit (node:events:519:28)
      at Object.send (file:///D:/WebDev/NewsHUB/command-center/node_modules/vite/dist/node/chunks/dep-D4NMHUTW.js:25190:40)
      at Object.invoke (file:///D:/WebDev/NewsHUB/command-center/node_modules/vite/dist/node/module-runner.js:621:34)
      at Object.invoke (file:///D:/WebDev/NewsHUB/command-center/node_modules/vite/dist/node/module-runner.js:682:34)
      at SSRCompatModuleRunner.getModuleInformation (file:///D:/WebDev/NewsHUB/command-center/node_modules/vite/dist/node/module-runner.js:1205:94)
[astro] Unable to load your Astro config

Cannot find module '@astrojs/tailwind' imported from 'D:/WebDev/NewsHUB/command-center/astro.config.mjs'
  Location:
    D:\WebDev\NewsHUB\command-center\node_modules\vite\dist\node\chunks\dep-D4NMHUTW.js:46842:19
  Stack trace:
    at fetchModule (file:///D:/WebDev/NewsHUB/command-center/node_modules/vite/dist/node/chunks/dep-D4NMHUTW.js:46842:19)
    at fetchModule (file:///D:/WebDev/NewsHUB/command-center/node_modules/vite/dist/node/chunks/dep-D4NMHUTW.js:47887:21)
    at EventEmitter.listenerForInvokeHandler (file:///D:/WebDev/NewsHUB/command-center/node_modules/vite/dist/node/chunks/dep-D4NMHUTW.js:39075:25)
    at Object.send (file:///D:/WebDev/NewsHUB/command-center/node_modules/vite/dist/node/chunks/dep-D4NMHUTW.js:25190:40)
    at Object.invoke (file:///D:/WebDev/NewsHUB/command-center/node_modules/vite/dist/node/module-runner.js:682:34)
error: script "build" exited with code 1
